
> web@0.0.0 dev
> vite --port 5173

Alias @ resolves to: /app/web/src

  VITE v7.2.7  ready in 469 ms

  ➜  Local:   http://localhost:5173/
  ➜  Network: use --host to expose
6:41:05 AM [vite] (client) Pre-transform error: Failed to resolve import "@/components/ui/command" from "src/components/BibleVersionSelector.tsx". Does the file exist?
  Plugin: vite:import-analysis
  File: /app/web/src/components/BibleVersionSelector.tsx:12:7
  12 |    CommandItem,
  13 |    CommandList
  14 |  } from "@/components/ui/command";
     |          ^
  15 |  import {
  16 |    Popover,
6:41:05 AM [vite] (client) Pre-transform error: Failed to resolve import "@/components/ui/command" from "src/components/BibleVersionSelector.tsx". Does the file exist?
  Plugin: vite:import-analysis
  File: /app/web/src/components/BibleVersionSelector.tsx:12:7
  12 |    CommandItem,
  13 |    CommandList
  14 |  } from "@/components/ui/command";
     |          ^
  15 |  import {
  16 |    Popover,
6:41:05 AM [vite] (client) Pre-transform error: Failed to resolve import "@/components/ui/command" from "src/components/BibleVersionSelector.tsx". Does the file exist?
  Plugin: vite:import-analysis
  File: /app/web/src/components/BibleVersionSelector.tsx:12:7
  12 |    CommandItem,
  13 |    CommandList
  14 |  } from "@/components/ui/command";
     |          ^
  15 |  import {
  16 |    Popover,
6:41:15 AM [vite] Internal server error: Failed to resolve import "@/components/ui/command" from "src/components/BibleVersionSelector.tsx". Does the file exist?
  Plugin: vite:import-analysis
  File: /app/web/src/components/BibleVersionSelector.tsx:12:7
  12 |    CommandItem,
  13 |    CommandList
  14 |  } from "@/components/ui/command";
     |          ^
  15 |  import {
  16 |    Popover,
      at TransformPluginContext._formatLog (file:///app/web/node_modules/vite/dist/node/chunks/config.js:28998:43)
      at TransformPluginContext.error (file:///app/web/node_modules/vite/dist/node/chunks/config.js:28995:14)
      at normalizeUrl (file:///app/web/node_modules/vite/dist/node/chunks/config.js:27118:18)
      at process.processTicksAndRejections (node:internal/process/task_queues:105:5)
      at async file:///app/web/node_modules/vite/dist/node/chunks/config.js:27176:32
      at async Promise.all (index 5)
      at async TransformPluginContext.transform (file:///app/web/node_modules/vite/dist/node/chunks/config.js:27144:4)
      at async EnvironmentPluginContainer.transform (file:///app/web/node_modules/vite/dist/node/chunks/config.js:28796:14)
      at async loadAndTransform (file:///app/web/node_modules/vite/dist/node/chunks/config.js:22669:26)
      at async viteTransformMiddleware (file:///app/web/node_modules/vite/dist/node/chunks/config.js:24541:20)
6:41:16 AM [vite] Internal server error: Failed to resolve import "@/components/ui/command" from "src/components/BibleVersionSelector.tsx". Does the file exist?
  Plugin: vite:import-analysis
  File: /app/web/src/components/BibleVersionSelector.tsx:12:7
  12 |    CommandItem,
  13 |    CommandList
  14 |  } from "@/components/ui/command";
     |          ^
  15 |  import {
  16 |    Popover,
      at TransformPluginContext._formatLog (file:///app/web/node_modules/vite/dist/node/chunks/config.js:28998:43)
      at TransformPluginContext.error (file:///app/web/node_modules/vite/dist/node/chunks/config.js:28995:14)
      at normalizeUrl (file:///app/web/node_modules/vite/dist/node/chunks/config.js:27118:18)
      at process.processTicksAndRejections (node:internal/process/task_queues:105:5)
      at async file:///app/web/node_modules/vite/dist/node/chunks/config.js:27176:32
      at async Promise.all (index 5)
      at async TransformPluginContext.transform (file:///app/web/node_modules/vite/dist/node/chunks/config.js:27144:4)
      at async EnvironmentPluginContainer.transform (file:///app/web/node_modules/vite/dist/node/chunks/config.js:28796:14)
      at async loadAndTransform (file:///app/web/node_modules/vite/dist/node/chunks/config.js:22669:26)
      at async viteTransformMiddleware (file:///app/web/node_modules/vite/dist/node/chunks/config.js:24541:20)
6:41:17 AM [vite] Internal server error: Failed to resolve import "@/components/ui/command" from "src/components/BibleVersionSelector.tsx". Does the file exist?
  Plugin: vite:import-analysis
  File: /app/web/src/components/BibleVersionSelector.tsx:12:7
  12 |    CommandItem,
  13 |    CommandList
  14 |  } from "@/components/ui/command";
     |          ^
  15 |  import {
  16 |    Popover,
      at TransformPluginContext._formatLog (file:///app/web/node_modules/vite/dist/node/chunks/config.js:28998:43)
      at TransformPluginContext.error (file:///app/web/node_modules/vite/dist/node/chunks/config.js:28995:14)
      at normalizeUrl (file:///app/web/node_modules/vite/dist/node/chunks/config.js:27118:18)
      at process.processTicksAndRejections (node:internal/process/task_queues:105:5)
      at async file:///app/web/node_modules/vite/dist/node/chunks/config.js:27176:32
      at async Promise.all (index 5)
      at async TransformPluginContext.transform (file:///app/web/node_modules/vite/dist/node/chunks/config.js:27144:4)
      at async EnvironmentPluginContainer.transform (file:///app/web/node_modules/vite/dist/node/chunks/config.js:28796:14)
      at async loadAndTransform (file:///app/web/node_modules/vite/dist/node/chunks/config.js:22669:26)
      at async viteTransformMiddleware (file:///app/web/node_modules/vite/dist/node/chunks/config.js:24541:20)
6:41:17 AM [vite] (client) ✨ new dependencies optimized: workbox-precaching, workbox-core, workbox-routing, firebase/messaging/sw
6:41:17 AM [vite] (client) ✨ optimized dependencies changed. reloading
6:41:18 AM [vite] (client) Pre-transform error: Failed to resolve import "@/components/ui/command" from "src/components/BibleVersionSelector.tsx". Does the file exist?
  Plugin: vite:import-analysis
  File: /app/web/src/components/BibleVersionSelector.tsx:12:7
  12 |    CommandItem,
  13 |    CommandList
  14 |  } from "@/components/ui/command";
     |          ^
  15 |  import {
  16 |    Popover,
6:41:18 AM [vite] (client) Pre-transform error: Failed to resolve import "@/components/ui/command" from "src/components/BibleVersionSelector.tsx". Does the file exist?
  Plugin: vite:import-analysis
  File: /app/web/src/components/BibleVersionSelector.tsx:12:7
  12 |    CommandItem,
  13 |    CommandList
  14 |  } from "@/components/ui/command";
     |          ^
  15 |  import {
  16 |    Popover,
6:41:18 AM [vite] (client) Pre-transform error: Failed to resolve import "@/components/ui/command" from "src/components/BibleVersionSelector.tsx". Does the file exist?
  Plugin: vite:import-analysis
  File: /app/web/src/components/BibleVersionSelector.tsx:12:7
  12 |    CommandItem,
  13 |    CommandList
  14 |  } from "@/components/ui/command";
     |          ^
  15 |  import {
  16 |    Popover,
6:41:19 AM [vite] Internal server error: Failed to resolve import "@/components/ui/command" from "src/components/BibleVersionSelector.tsx". Does the file exist?
  Plugin: vite:import-analysis
  File: /app/web/src/components/BibleVersionSelector.tsx:12:7
  12 |    CommandItem,
  13 |    CommandList
  14 |  } from "@/components/ui/command";
     |          ^
  15 |  import {
  16 |    Popover,
      at TransformPluginContext._formatLog (file:///app/web/node_modules/vite/dist/node/chunks/config.js:28998:43)
      at TransformPluginContext.error (file:///app/web/node_modules/vite/dist/node/chunks/config.js:28995:14)
      at normalizeUrl (file:///app/web/node_modules/vite/dist/node/chunks/config.js:27118:18)
      at process.processTicksAndRejections (node:internal/process/task_queues:105:5)
      at async file:///app/web/node_modules/vite/dist/node/chunks/config.js:27176:32
      at async Promise.all (index 5)
      at async TransformPluginContext.transform (file:///app/web/node_modules/vite/dist/node/chunks/config.js:27144:4)
      at async EnvironmentPluginContainer.transform (file:///app/web/node_modules/vite/dist/node/chunks/config.js:28796:14)
      at async loadAndTransform (file:///app/web/node_modules/vite/dist/node/chunks/config.js:22669:26)
      at async viteTransformMiddleware (file:///app/web/node_modules/vite/dist/node/chunks/config.js:24541:20)
